for(t2 = 0; t2 <= n-1; t2++) {
  s0(t2);
}


s0: { Sym=[n] [t1,t2,t3] : t1 = 0 && t3 = 0 && 0 <= t2 < n }
dependence graph:
s0->s0: a:true(0) b:anti(0)
dependence graph:
s0->s0: a:true(0) b:anti(0)
