if (bm >= 1) {
  if (an >= 1) {
    for(t2 = 0; t2 <= ambn-1; t2++) {
      for(t4 = 0; t4 <= an-1; t4++) {
        if (t2 <= 0) {
          for(t6 = 0; t6 <= bm-1; t6++) {
            s0(t4,t6,t2);
            s1(t4,t6,t2);
          }
        }
        else {
          for(t6 = 0; t6 <= bm-1; t6++) {
            s1(t4,t6,t2);
          }
        }
      }
    }
  }
  if (ambn <= 0) {
    for(t4 = 0; t4 <= an-1; t4++) {
      for(t6 = 0; t6 <= bm-1; t6++) {
        s0(t4,t6,0);
      }
    }
  }
}


s0: { Sym=[bm,an] [t1,t2,t3,t4,t5,t6,t7] : t7 = 0 && t3 = 0 && t5 = 0 && t1 = 0 && t2 = 0 && 0 <= t4 < an && 0 <= t6 < bm }
s1: { Sym=[ambn,bm,an] [t1,t2,t3,t4,t5,t6,t7] : t7 = 1 && t3 = 0 && t5 = 0 && t1 = 0 && 0 <= t4 < an && 0 <= t6 < bm && 0 <= t2 < ambn }
('num statements = ', 2)
dependence graph:
s0->s1: C:true(+, 0, 0) C:true(0, 0, 0) C:output(+, 0, 0) C:output(0, 0, 0)
s1->s1: C:anti(+, 0, 0) C:output(+, 0, 0)
