for(t2 = 0; t2 <= an-1; t2++) {
  for(t4 = 0; t4 <= bm-1; t4++) {
    s2(t2,t4,0);
    s3(t2,t4,0);
    s4(t2,t4,1);
    s5(t2,t4,2);
    s6(t2,t4,3);
    for(t6 = 4; t6 <= ambn-1; t6++) {
      s1(t2,t4,t6);
    }
  }
}


for(t2 = 0; t2 <= an-1; t2++) {
  for(t4 = 0; t4 <= bm-1; t4++) {
    s2(t2,t4,0);
    s3(t2,t4,0);
    s4(t2,t4,1);
    s5(t2,t4,2);
    s6(t2,t4,3);
    for(t6 = 4; t6 <= ambn-1; t6++) {
      s1(t2,t4,t6);
    }
  }
}


dependence graph:
s0->s1: C:true(0, 0, +) C:true(0, 0, 0) C:output(0, 0, +) C:output(0, 0, 0)
s1->s1: C:anti(0, 0, +) C:output(0, 0, +)
s2->s1: C:true(0, 0, *) C:true(0, 0, *) C:output(0, 0, *) C:output(0, 0, *)
s2->s3: C:true(0, 0, +) C:true(0, 0, 0) C:output(0, 0, +) C:output(0, 0, 0)
s2->s4: C:true(0, 0, *) C:true(0, 0, *) C:output(0, 0, *) C:output(0, 0, *)
s2->s5: C:true(0, 0, *) C:true(0, 0, *) C:output(0, 0, *) C:output(0, 0, *)
s2->s6: C:true(0, 0, *) C:true(0, 0, *) C:output(0, 0, *) C:output(0, 0, *)
s3->s1: C:anti(0, 0, *) C:output(0, 0, *)
s3->s3: C:anti(0, 0, +) C:output(0, 0, +)
s3->s4: C:anti(0, 0, *) C:output(0, 0, *)
s3->s5: C:anti(0, 0, *) C:output(0, 0, *)
s3->s6: C:anti(0, 0, *) C:output(0, 0, *)
s4->s1: C:anti(0, 0, *) C:output(0, 0, *)
s4->s4: C:anti(0, 0, +) C:output(0, 0, +)
s4->s5: C:anti(0, 0, *) C:output(0, 0, *)
s4->s6: C:anti(0, 0, *) C:output(0, 0, *)
s5->s1: C:anti(0, 0, *) C:output(0, 0, *)
s5->s5: C:anti(0, 0, +) C:output(0, 0, +)
s5->s6: C:anti(0, 0, *) C:output(0, 0, *)
s6->s1: C:anti(0, 0, *) C:output(0, 0, *)
s6->s6: C:anti(0, 0, +) C:output(0, 0, +)
