for(t2 = 4; t2 <= an+3; t2++) {
  for(t4 = 0; t4 <= bm-1; t4++) {
    s0(t2-4,t4,0);
    s1(t2-4,t4,0);
    for(t6 = 1; t6 <= ambn-1; t6++) {
      s1(t2-4,t4,t6);
    }
  }
}


dependence graph:
s0->s1: C:true(0, 0, +) C:true(0, 0, 0) C:output(0, 0, +) C:output(0, 0, 0)
s1->s1: C:anti(0, 0, +) C:output(0, 0, +)
