for(t2 = 0; t2 <= an-1; t2++) {
  for(t4 = 0; t4 <= bm-1; t4++) {
    s0(t2,t4,0);
    s1(t2,t4,0);
    for(t6 = 1; t6 <= ambn-1; t6++) {
      s1(t2,t4,t6);
    }
  }
}


for(t2 = 0; t2 <= ambn-1; t2++) {
  for(t4 = 0; t4 <= an-1; t4++) {
    if (t2 <= 0) {
      for(t6 = 0; t6 <= bm-1; t6++) {
        s0(t4,t6,t2);
        s1(t4,t6,t2);
      }
    }
    else {
      for(t6 = 0; t6 <= bm-1; t6++) {
        s1(t4,t6,t2);
      }
    }
  }
}


dependence graph:
s0->s1: C:true(+, 0, 0) C:true(0, 0, 0) C:output(+, 0, 0) C:output(0, 0, 0)
s1->s1: C:anti(+, 0, 0) C:output(+, 0, 0)
