for(t2 = 0; t2 <= an-1; t2++) {
  for(t4 = 0; t4 <= bm-1; t4++) {
    s0(t2,t4,0);
  }
}
for(t2 = 0; t2 <= an-1; t2++) {
  for(t4 = 0; t4 <= bm-1; t4++) {
    s2(t2,t4);
    for(t6 = 0; t6 <= -over1+ambn-1; t6 += 4) {
      s1(t2,t4,t6);
      s4(t2,t4,t6);
    }
    for(t6 = max(0,ambn-over1); t6 <= ambn-1; t6++) {
      s3(t2,t4,t6);
    }
  }
}


dependence graph:
s0->s1: C:true(0, 0, +) C:true(0, 0, 0) C:output(0, 0, +) C:output(0, 0, 0)
s0->s3: C:true(0, 0, +) C:true(0, 0, 0) C:output(0, 0, +) C:output(0, 0, 0)
s0->s4: C:true(0, 0, +) C:true(0, 0, 0) C:output(0, 0, +) C:output(0, 0, 0)
s1->s1: C:anti(0, 0, 4+) C:output(0, 0, 4+)
s1->s3: C:anti(0, 0, *) C:output(0, 0, *)
s1->s4: C:anti(0, 0, 0+) C:output(0, 0, 0+)
s2->s1: control()
s2->s2: output(+, 0, *) output(0, +, *)
s2->s3: control()
s2->s4: control()
s3->s3: C:anti(0, 0, +) C:output(0, 0, +)
s4->s1: C:anti(0, 0, 4+) C:output(0, 0, 4+)
s4->s3: C:anti(0, 0, *) C:output(0, 0, *)
s4->s4: C:anti(0, 0, 0+) C:output(0, 0, 0+)
