for(t2 = 0; t2 <= bm-1; t2 += 4) {
  for(t4 = 0; t4 <= an-1; t4++) {
    for(t6 = t2; t6 <= min(t2+3,bm-1); t6++) {
      s0(t4,t6,0);
      s1(t4,t6,0);
      for(t8 = 1; t8 <= ambn-1; t8++) {
        s1(t4,t6,t8);
      }
    }
  }
}


dependence graph:
s0->s1: C:true(0, 0, +) C:true(0, 0, 0) C:output(0, 0, +) C:output(0, 0, 0)
s1->s1: C:anti(0, 0, +) C:output(0, 0, +)
