for(t2 = 0; t2 <= an-1; t2++) {
  for(t4 = 0; t4 <= 4; t4++) {
    s0(t2,t4,0);
    s1(t2,t4,0);
    for(t6 = 1; t6 <= ambn-1; t6++) {
      s1(t2,t4,t6);
    }
  }
  for(t4 = 5; t4 <= bm-1; t4++) {
    s2(t2,t4,0);
    s3(t2,t4,0);
    for(t6 = 1; t6 <= ambn-1; t6++) {
      s3(t2,t4,t6);
    }
  }
}


