for(t2 = 0; t2 <= ambn-1; t2++) {
  for(t4 = 0; t4 <= an-1; t4++) {
    if (t2 <= 0) {
      for(t6 = 0; t6 <= bm-1; t6++) {
        s0(t4,t6,t2);
        s1(t4,t6,t2);
      }
    }
    else {
      for(t6 = 0; t6 <= bm-1; t6++) {
        s1(t4,t6,t2);
      }
    }
  }
}


