for(t2 = 0; t2 <= an-1; t2++) {
  for(t4 = 0; t4 <= bm-1; t4++) {
    s0(t2,t4,0);
    s1(t2,t4,0);
    for(t6 = 1; t6 <= ambn-1; t6++) {
      s1(t2,t4,t6);
    }
  }
}


for(t2 = 0; t2 <= an-1; t2++) {
  for(t4 = 0; t4 <= bm-1; t4++) {
    if (ambn >= t2+1) {
      s0(t2,t4,0);
      if (an >= t4+1) {
        s1(t4,0,t2);
      }
    }
    else {
      s0(t2,t4,0);
    }
    if (ambn >= t2+1 && an >= t4+1) {
      for(t6 = 1; t6 <= bm-1; t6++) {
        s1(t4,t6,t2);
      }
    }
  }
  if (ambn >= t2+1) {
    for(t4 = bm; t4 <= an-1; t4++) {
      for(t6 = 0; t6 <= bm-1; t6++) {
        s1(t4,t6,t2);
      }
    }
  }
}
for(t2 = an; t2 <= ambn-1; t2++) {
  for(t4 = 0; t4 <= an-1; t4++) {
    for(t6 = 0; t6 <= bm-1; t6++) {
      s1(t4,t6,t2);
    }
  }
}


